// Jest Snapshot v1, https://goo.gl/fbAQLP

exports[`should render AbsenceDashBoardPage correctly 1`] = `
<div>
  <Connect(AbsenceListFilters) />
  <Connect(AbsenceList) />
</div>
`;
